BL51 BANKED LINKER/LOCATER V6.22                                                        02/29/2024  19:12:32  PAGE 1


BL51 BANKED LINKER/LOCATER V6.22, INVOKED BY:
D:\KEIL\C51\BIN\BL51.EXE STARTUP.obj, test.obj TO test RAMSIZE (256)


MEMORY MODEL: SMALL


INPUT MODULES INCLUDED:
  STARTUP.obj (?C_STARTUP)
  test.obj (TEST)


LINK MAP OF MODULE:  test (?C_STARTUP)


            TYPE    BASE      LENGTH    RELOCATION   SEGMENT NAME
            -----------------------------------------------------

            * * * * * * *   D A T A   M E M O R Y   * * * * * * *
            REG     0000H     0008H     ABSOLUTE     "REG BANK 0"
            IDATA   0008H     0001H     UNIT         ?STACK

            * * * * * * *   C O D E   M E M O R Y   * * * * * * *
            CODE    0000H     0003H     ABSOLUTE     
            CODE    0003H     0010H     UNIT         ?PR?MAIN?TEST
            CODE    0013H     000DH     UNIT         ?PR?DELAY200MS?TEST
            CODE    0020H     000CH     UNIT         ?C_C51STARTUP



OVERLAY MAP OF MODULE:   test (?C_STARTUP)


SEGMENT
  +--> CALLED SEGMENT
---------------------
?C_C51STARTUP
  +--> ?PR?MAIN?TEST

?PR?MAIN?TEST
  +--> ?PR?DELAY200MS?TEST



SYMBOL TABLE OF MODULE:  test (?C_STARTUP)

  VALUE           TYPE          NAME
  ----------------------------------

  -------         MODULE        ?C_STARTUP
  C:0020H         SEGMENT       ?C_C51STARTUP
  I:0008H         SEGMENT       ?STACK
  C:0000H         PUBLIC        ?C_STARTUP
  D:00E0H         SYMBOL        ACC
  D:00F0H         SYMBOL        B
  D:0083H         SYMBOL        DPH
  D:0082H         SYMBOL        DPL
  N:0000H         SYMBOL        IBPSTACK
BL51 BANKED LINKER/LOCATER V6.22                                                      02/29/2024  19:12:32  PAGE 2


  N:0100H         SYMBOL        IBPSTACKTOP
  N:0080H         SYMBOL        IDATALEN
  C:0023H         SYMBOL        IDATALOOP
  N:0000H         SYMBOL        PBPSTACK
  N:0100H         SYMBOL        PBPSTACKTOP
  N:0000H         SYMBOL        PDATALEN
  N:0000H         SYMBOL        PDATASTART
  N:0000H         SYMBOL        PPAGE
  N:0000H         SYMBOL        PPAGEENABLE
  D:00A0H         SYMBOL        PPAGE_SFR
  D:0081H         SYMBOL        SP
  C:0020H         SYMBOL        STARTUP1
  N:0000H         SYMBOL        XBPSTACK
  N:0000H         SYMBOL        XBPSTACKTOP
  N:0000H         SYMBOL        XDATALEN
  N:0000H         SYMBOL        XDATASTART
  C:0000H         LINE#         126
  C:0020H         LINE#         133
  C:0022H         LINE#         134
  C:0023H         LINE#         135
  C:0024H         LINE#         136
  C:0026H         LINE#         185
  C:0029H         LINE#         196
  -------         ENDMOD        ?C_STARTUP

  -------         MODULE        TEST
  C:0000H         SYMBOL        _ICE_DUMMY_
  D:0090H         PUBLIC        P1
  D:00B0H         PUBLIC        P3
  D:00A8H         PUBLIC        IE
  D:00B8H         PUBLIC        IP
  C:0003H         PUBLIC        main
  D:0098H         PUBLIC        SCON
  D:0088H         PUBLIC        TCON
  C:0013H         PUBLIC        Delay200ms
  B:00B0H.6       PUBLIC        led1
  D:00C8H         PUBLIC        T2CON
  B:00B0H.7       PUBLIC        led2
  D:00D0H         PUBLIC        PSW
  -------         PROC          MAIN
  C:0003H         LINE#         5
  C:0003H         LINE#         6
  C:0003H         LINE#         7
  C:0003H         LINE#         8
  C:0005H         LINE#         9
  C:0007H         LINE#         10
  C:000AH         LINE#         11
  C:000CH         LINE#         12
  C:000EH         LINE#         13
  C:0011H         LINE#         14
  -------         ENDPROC       MAIN
  -------         PROC          DELAY200MS
  -------         DO            
  D:0007H         SYMBOL        i
  D:0006H         SYMBOL        j
  D:0005H         SYMBOL        k
  -------         ENDDO         
BL51 BANKED LINKER/LOCATER V6.22                                                      02/29/2024  19:12:32  PAGE 3


  C:0013H         LINE#         16
  C:0013H         LINE#         17
  C:0013H         LINE#         21
  C:0015H         LINE#         22
  C:0017H         LINE#         23
  C:0019H         LINE#         25
  C:0019H         LINE#         27
  C:0019H         LINE#         28
  C:001BH         LINE#         29
  C:001DH         LINE#         30
  C:001FH         LINE#         31
  -------         ENDPROC       DELAY200MS
  -------         ENDMOD        TEST

Program Size: data=9.0 xdata=0 code=44
LINK/LOCATE RUN COMPLETE.  0 WARNING(S),  0 ERROR(S)
