C51 COMPILER V9.52.0.0   MIAN                                                              05/10/2024 19:30:02 PAGE 1   


C51 COMPILER V9.52.0.0, COMPILATION OF MODULE MIAN
OBJECT MODULE PLACED IN mian.OBJ
COMPILER INVOKED BY: D:\keil\C51\BIN\C51.EXE mian.c BROWSE DEBUG OBJECTEXTEND TABS(2)

line level    source

   1          #include"reg52.h"
   2          #include"intrins.h"
   3          
   4          sbit sg90_con = P1^7;
   5          int time=0;
   6          int angle=0;
   7          void Delay1000ms();
   8          void Delay300ms();
   9          void T0init();
  10          
  11          int main(){
  12   1        void Delay300ms();
  13   1        T0init();
  14   1        while(1){
  15   2          angle = 2;
  16   2          Delay1000ms();
  17   2          angle = 4;
  18   2          Delay1000ms();
  19   2          angle = 6;
  20   2          Delay1000ms();
  21   2          angle = 4;
  22   2          Delay1000ms();
  23   2          angle = 2;
  24   2          Delay1000ms();
  25   2        }
  26   1      }
  27          void T0init(){
  28   1        //1 初始化
  29   1        TMOD &= 0xf0;
  30   1        TMOD |= 0x01;
  31   1        //2 计算需要的时间
  32   1        TL0 = 0x33;
  33   1        TH0 = 0xFE;
  34   1        //3 开始运行
  35   1        TR0 = 1;
  36   1        TF0 = 0;
  37   1        //打开中断
  38   1        ET0 = 1;
  39   1        //打开总线
  40   1        EA = 1;
  41   1      }
  42          void Delay1000ms()    //@11.0592MHz
  43          {
  44   1        unsigned char i, j, k;
  45   1      
  46   1        _nop_();
  47   1        i = 8;
  48   1        j = 1;
  49   1        k = 243;
  50   1        do
  51   1        {
  52   2          do
  53   2          {
  54   3            while (--k);
  55   3          } while (--j);
C51 COMPILER V9.52.0.0   MIAN                                                              05/10/2024 19:30:02 PAGE 2   

  56   2        } while (--i);
  57   1      }
  58          void Delay300ms()   //@11.0592MHz
  59          {
  60   1        unsigned char i, j, k;
  61   1      
  62   1        _nop_();
  63   1        i = 3;
  64   1        j = 26;
  65   1        k = 223;
  66   1        do
  67   1        {
  68   2          do
  69   2          {
  70   3            while (--k);
  71   3          } while (--j);
  72   2        } while (--i);
  73   1      }
  74          void overtime() interrupt 1
  75          {
  76   1        time++;
  77   1        TL0 = 0x33;
  78   1        TH0 = 0xFE;
  79   1        if(time == 1){
  80   2          sg90_con = 1;
  81   2        }
  82   1        if(time == angle){
  83   2          sg90_con = 0;
  84   2        }
  85   1          
  86   1        if(time == 40){
  87   2          time = 0;
  88   2          sg90_con = 0;
  89   2              
  90   2        }
  91   1      }


MODULE INFORMATION:   STATIC OVERLAYABLE
   CODE SIZE        =    152    ----
   CONSTANT SIZE    =   ----    ----
   XDATA SIZE       =   ----    ----
   PDATA SIZE       =   ----    ----
   DATA SIZE        =      4    ----
   IDATA SIZE       =   ----    ----
   BIT SIZE         =   ----    ----
END OF MODULE INFORMATION.


C51 COMPILATION COMPLETE.  0 WARNING(S),  0 ERROR(S)
