BL51 BANKED LINKER/LOCATER V6.22                                                        02/29/2024  20:22:45  PAGE 1


BL51 BANKED LINKER/LOCATER V6.22, INVOKED BY:
D:\KEIL\C51\BIN\BL51.EXE STARTUP.obj, keytest.obj TO keytest


MEMORY MODEL: SMALL


INPUT MODULES INCLUDED:
  STARTUP.obj (?C_STARTUP)
  keytest.obj (KEYTEST)


LINK MAP OF MODULE:  keytest (?C_STARTUP)


            TYPE    BASE      LENGTH    RELOCATION   SEGMENT NAME
            -----------------------------------------------------

            * * * * * * *   D A T A   M E M O R Y   * * * * * * *
            REG     0000H     0008H     ABSOLUTE     "REG BANK 0"
            IDATA   0008H     0001H     UNIT         ?STACK

            * * * * * * *   C O D E   M E M O R Y   * * * * * * *
            CODE    0000H     0003H     ABSOLUTE     
            CODE    0003H     0019H     UNIT         ?PR?MAIN?KEYTEST
            CODE    001CH     000FH     UNIT         ?PR?DELAY100MS?KEYTEST
            CODE    002BH     000CH     UNIT         ?C_C51STARTUP



OVERLAY MAP OF MODULE:   keytest (?C_STARTUP)


SEGMENT
  +--> CALLED SEGMENT
---------------------
?C_C51STARTUP
  +--> ?PR?MAIN?KEYTEST

?PR?MAIN?KEYTEST
  +--> ?PR?DELAY100MS?KEYTEST



SYMBOL TABLE OF MODULE:  keytest (?C_STARTUP)

  VALUE           TYPE          NAME
  ----------------------------------

  -------         MODULE        ?C_STARTUP
  C:002BH         SEGMENT       ?C_C51STARTUP
  I:0008H         SEGMENT       ?STACK
  C:0000H         PUBLIC        ?C_STARTUP
  D:00E0H         SYMBOL        ACC
  D:00F0H         SYMBOL        B
  D:0083H         SYMBOL        DPH
  D:0082H         SYMBOL        DPL
  N:0000H         SYMBOL        IBPSTACK
BL51 BANKED LINKER/LOCATER V6.22                                                      02/29/2024  20:22:45  PAGE 2


  N:0100H         SYMBOL        IBPSTACKTOP
  N:0080H         SYMBOL        IDATALEN
  C:002EH         SYMBOL        IDATALOOP
  N:0000H         SYMBOL        PBPSTACK
  N:0100H         SYMBOL        PBPSTACKTOP
  N:0000H         SYMBOL        PDATALEN
  N:0000H         SYMBOL        PDATASTART
  N:0000H         SYMBOL        PPAGE
  N:0000H         SYMBOL        PPAGEENABLE
  D:00A0H         SYMBOL        PPAGE_SFR
  D:0081H         SYMBOL        SP
  C:002BH         SYMBOL        STARTUP1
  N:0000H         SYMBOL        XBPSTACK
  N:0000H         SYMBOL        XBPSTACKTOP
  N:0000H         SYMBOL        XDATALEN
  N:0000H         SYMBOL        XDATASTART
  C:0000H         LINE#         126
  C:002BH         LINE#         133
  C:002DH         LINE#         134
  C:002EH         LINE#         135
  C:002FH         LINE#         136
  C:0031H         LINE#         185
  C:0034H         LINE#         196
  -------         ENDMOD        ?C_STARTUP

  -------         MODULE        KEYTEST
  C:0000H         SYMBOL        _ICE_DUMMY_
  D:0090H         PUBLIC        P1
  D:00A0H         PUBLIC        P2
  D:00B0H         PUBLIC        P3
  D:00A8H         PUBLIC        IE
  D:00B8H         PUBLIC        IP
  C:0003H         PUBLIC        main
  B:00B0H.7       PUBLIC        ledD5
  B:00B0H.6       PUBLIC        ledD6
  D:0098H         PUBLIC        SCON
  D:0088H         PUBLIC        TCON
  C:001CH         PUBLIC        Delay100ms
  D:00C8H         PUBLIC        T2CON
  D:00D0H         PUBLIC        PSW
  B:00A0H.1       PUBLIC        key1
  B:00A0H.0       PUBLIC        key2
  -------         PROC          MAIN
  C:0003H         LINE#         8
  C:0003H         LINE#         9
  C:0005H         LINE#         10
  C:0007H         LINE#         11
  C:0007H         LINE#         12
  C:000AH         LINE#         13
  C:000DH         LINE#         14
  C:000FH         LINE#         15
  C:0011H         LINE#         16
  C:0016H         LINE#         17
  C:0018H         LINE#         18
  C:001AH         LINE#         19
  C:001AH         LINE#         20
  -------         ENDPROC       MAIN
BL51 BANKED LINKER/LOCATER V6.22                                                      02/29/2024  20:22:45  PAGE 3


  -------         PROC          DELAY100MS
  -------         DO            
  D:0007H         SYMBOL        i
  D:0006H         SYMBOL        j
  D:0005H         SYMBOL        k
  -------         ENDDO         
  C:001CH         LINE#         23
  C:001CH         LINE#         24
  C:001CH         LINE#         27
  C:001DH         LINE#         28
  C:001EH         LINE#         29
  C:0020H         LINE#         30
  C:0022H         LINE#         31
  C:0024H         LINE#         33
  C:0024H         LINE#         35
  C:0024H         LINE#         36
  C:0026H         LINE#         37
  C:0028H         LINE#         38
  C:002AH         LINE#         39
  -------         ENDPROC       DELAY100MS
  -------         ENDMOD        KEYTEST

Program Size: data=9.0 xdata=0 code=55
LINK/LOCATE RUN COMPLETE.  0 WARNING(S),  0 ERROR(S)
